<!DOCTYPE html>
<html>
    <head>
        <meta charset="ISO-8859-1" />
        <title>Heading 1</title>
    </head>
    <body>
<h1 id="heading-1">Heading 1</h1>
<h2 id="heading-2">Heading 2</h2>
<h2 id="this-is-a-simple-test-file">This is a simple test file.</h2>
<p>Formatting: <em>emphasised</em> and <strong>bold</strong> and <em>underlined</em>.</p>
<ul>
<li>Simple list</li>
<li>List</li>
<li>List</li>
</ul>
<p>More text.</p>

    </body>
</html>
